

hello world hello world hello world hello world





world hold on




to me





please fff f


this should be the only example of a normal sentence here